// 同步 ID: 22fc3dfc @ Sun Jul 19 17:57:28 UTC 2026
// 同步 ID: 4ccfb98b @ Sun Jul 19 23:42:06 UTC 2026
// 重构日志: bfa72c66
// 重构日志: d4e3dcbe
// 重构日志: ed9470bb
// 重构日志: ce8a965a
// 重构日志: 6881fc86
// 同步 ID: e50162c3 @ Tue Jul 21 00:39:02 UTC 2026
// 重构日志: f6722632
// 同步 ID: 86f65503 @ Wed Jul 22 10:23:26 UTC 2026
// 重构日志: 0c637468
// 重构日志: 0782ad64
// 重构日志: 2afc6d39
// 重构日志: e478d152
// 重构日志: 1f157972
// 重构日志: 7a895b66
// 同步 ID: 480253c1 @ Sat Jul 25 00:59:30 UTC 2026
// 重构日志: 5fcd5dc6
// 重构日志: 901c1087
// 重构日志: f4c2b806
// 同步 ID: 3d88e467 @ Sat Jul 25 15:46:47 UTC 2026
// 重构日志: 56fef963
// 重构日志: d1390b3a
// 重构日志: dc6d88de
// 重构日志: 50dc26d6
// 重构日志: 1385937b
// 重构日志: a68bda48
// 重构日志: faaabf65
// 同步 ID: 83edab8e @ Thu Jul 30 17:27:46 UTC 2026
// 同步 ID: be3ddc02 @ Fri Jul 31 04:48:17 UTC 2026
